2026-02-19T14:57:51.686+01:00  INFO 20616 --- [vetclinic] [main] c.s.vetclinic.VetClinicApplication       : Starting VetClinicApplication using Java 17.0.18 with PID 20616 (C:\Users\ndraskovic\worksapceVetClinic\vetclinic\target\classes started by ndraskovic in C:\Users\ndraskovic\worksapceVetClinic\vetclinic)
2026-02-19T14:57:51.697+01:00 DEBUG 20616 --- [vetclinic] [main] c.s.vetclinic.VetClinicApplication       : Running with Spring Boot v3.5.10, Spring v6.2.15
2026-02-19T14:57:51.698+01:00  INFO 20616 --- [vetclinic] [main] c.s.vetclinic.VetClinicApplication       : No active profile set, falling back to 1 default profile: "default"
2026-02-19T14:57:53.498+01:00  INFO 20616 --- [vetclinic] [main] .s.d.r.c.RepositoryConfigurationDelegate : Bootstrapping Spring Data JPA repositories in DEFAULT mode.
2026-02-19T14:57:53.678+01:00  INFO 20616 --- [vetclinic] [main] .s.d.r.c.RepositoryConfigurationDelegate : Finished Spring Data repository scanning in 167 ms. Found 26 JPA repository interfaces.
2026-02-19T14:57:54.540+01:00  INFO 20616 --- [vetclinic] [main] o.s.b.w.embedded.tomcat.TomcatWebServer  : Tomcat initialized with port 8080 (http)
2026-02-19T14:57:54.557+01:00  INFO 20616 --- [vetclinic] [main] o.apache.catalina.core.StandardService   : Starting service [Tomcat]
2026-02-19T14:57:54.557+01:00  INFO 20616 --- [vetclinic] [main] o.apache.catalina.core.StandardEngine    : Starting Servlet engine: [Apache Tomcat/10.1.50]
2026-02-19T14:57:54.632+01:00  INFO 20616 --- [vetclinic] [main] o.a.c.c.C.[Tomcat].[localhost].[/]       : Initializing Spring embedded WebApplicationContext
2026-02-19T14:57:54.633+01:00  INFO 20616 --- [vetclinic] [main] w.s.c.ServletWebServerApplicationContext : Root WebApplicationContext: initialization completed in 2885 ms
2026-02-19T14:57:54.827+01:00 DEBUG 20616 --- [vetclinic] [main] c.s.v.c.s.JwtAuthenticationFilter        : Filter 'jwtAuthenticationFilter' configured for use
2026-02-19T14:57:55.062+01:00  INFO 20616 --- [vetclinic] [main] com.zaxxer.hikari.HikariDataSource       : HikariPool-1 - Starting...
2026-02-19T14:57:55.306+01:00  INFO 20616 --- [vetclinic] [main] com.zaxxer.hikari.pool.HikariPool        : HikariPool-1 - Added connection org.postgresql.jdbc.PgConnection@2b058bfd
2026-02-19T14:57:55.307+01:00  INFO 20616 --- [vetclinic] [main] com.zaxxer.hikari.HikariDataSource       : HikariPool-1 - Start completed.
2026-02-19T14:57:55.344+01:00  INFO 20616 --- [vetclinic] [main] org.flywaydb.core.FlywayExecutor         : Database: jdbc:postgresql://localhost:5432/vetapp (PostgreSQL 18.1)
2026-02-19T14:57:55.360+01:00  WARN 20616 --- [vetclinic] [main] o.f.c.internal.database.base.Database    : Flyway upgrade recommended: PostgreSQL 18.1 is newer than this version of Flyway and support has not been tested. The latest supported version of PostgreSQL is 17.
2026-02-19T14:57:55.420+01:00  INFO 20616 --- [vetclinic] [main] o.f.core.internal.command.DbValidate     : Successfully validated 4 migrations (execution time 00:00.043s)
2026-02-19T14:57:55.501+01:00  INFO 20616 --- [vetclinic] [main] o.f.core.internal.command.DbMigrate      : Current version of schema "public": 3
2026-02-19T14:57:55.507+01:00  INFO 20616 --- [vetclinic] [main] o.f.core.internal.command.DbMigrate      : Schema "public" is up to date. No migration necessary.
2026-02-19T14:57:55.624+01:00  INFO 20616 --- [vetclinic] [main] o.hibernate.jpa.internal.util.LogHelper  : HHH000204: Processing PersistenceUnitInfo [name: default]
2026-02-19T14:57:55.729+01:00  INFO 20616 --- [vetclinic] [main] org.hibernate.Version                    : HHH000412: Hibernate ORM core version 6.6.41.Final
2026-02-19T14:57:55.777+01:00  INFO 20616 --- [vetclinic] [main] o.h.c.internal.RegionFactoryInitiator    : HHH000026: Second-level cache disabled
2026-02-19T14:57:56.149+01:00  INFO 20616 --- [vetclinic] [main] o.s.o.j.p.SpringPersistenceUnitInfo      : No LoadTimeWeaver setup: ignoring JPA class transformer
2026-02-19T14:57:56.271+01:00  INFO 20616 --- [vetclinic] [main] org.hibernate.orm.connections.pooling    : HHH10001005: Database info:
	Database JDBC URL [Connecting through datasource 'com.softart.vetclinic.config.tenant.TenantAwareDataSource@5ae66c98']
	Database driver: undefined/unknown
	Database version: 18.1
	Autocommit mode: undefined/unknown
	Isolation level: undefined/unknown
	Minimum pool size: undefined/unknown
	Maximum pool size: undefined/unknown
2026-02-19T14:57:57.718+01:00  INFO 20616 --- [vetclinic] [main] o.h.e.t.j.p.i.JtaPlatformInitiator       : HHH000489: No JTA platform available (set 'hibernate.transaction.jta.platform' to enable JTA platform integration)
2026-02-19T14:57:57.722+01:00  INFO 20616 --- [vetclinic] [main] j.LocalContainerEntityManagerFactoryBean : Initialized JPA EntityManagerFactory for persistence unit 'default'
2026-02-19T14:57:58.222+01:00  INFO 20616 --- [vetclinic] [main] o.s.d.j.r.query.QueryEnhancerFactory     : Hibernate is in classpath; If applicable, HQL parser will be used.
2026-02-19T14:58:00.178+01:00  INFO 20616 --- [vetclinic] [main] o.s.b.a.e.web.EndpointLinksResolver      : Exposing 1 endpoint beneath base path '/actuator'
2026-02-19T14:58:00.233+01:00  INFO 20616 --- [vetclinic] [main] r$InitializeUserDetailsManagerConfigurer : Global AuthenticationManager configured with UserDetailsService bean with name customUserDetailsService
2026-02-19T14:58:00.927+01:00  INFO 20616 --- [vetclinic] [main] o.s.b.w.embedded.tomcat.TomcatWebServer  : Tomcat started on port 8080 (http) with context path '/'
2026-02-19T14:58:00.947+01:00  INFO 20616 --- [vetclinic] [main] c.s.vetclinic.VetClinicApplication       : Started VetClinicApplication in 9.786 seconds (process running for 10.435)
2026-02-19T14:58:01.030+01:00  INFO 20616 --- [vetclinic] [main] c.softart.vetclinic.config.DataSeeder    : Database already has 4 users, skipping seed.
2026-02-19T14:58:01.532+01:00  INFO 20616 --- [vetclinic] [RMI TCP Connection(5)-127.0.0.1] o.a.c.c.C.[Tomcat].[localhost].[/]       : Initializing Spring DispatcherServlet 'dispatcherServlet'
2026-02-19T14:58:01.533+01:00  INFO 20616 --- [vetclinic] [RMI TCP Connection(5)-127.0.0.1] o.s.web.servlet.DispatcherServlet        : Initializing Servlet 'dispatcherServlet'
2026-02-19T14:58:01.535+01:00  INFO 20616 --- [vetclinic] [RMI TCP Connection(5)-127.0.0.1] o.s.web.servlet.DispatcherServlet        : Completed initialization in 2 ms
